\BOOKMARK [1][-]{section.1}{\376\377\000I\000n\000t\000r\000o\000d\000u\000c\000t\000i\000o\000n}{}% 1
\BOOKMARK [2][-]{subsection.1.1}{\376\377\000A\000\040\000N\000e\000w\000\040\000R\000e\000i\000m\000b\000u\000r\000s\000e\000m\000e\000n\000t\000\040\000P\000r\000o\000b\000l\000e\000m}{section.1}% 2
\BOOKMARK [2][-]{subsection.1.2}{\376\377\000W\000h\000y\000\040\000I\000N\000T\000s\000\040\000D\000i\000f\000f\000e\000r\000\040\000f\000r\000o\000m\000\040\000C\000o\000n\000v\000e\000n\000t\000i\000o\000n\000a\000l\000\040\000O\000n\000c\000o\000l\000o\000g\000y\000\040\000P\000r\000i\000c\000i\000n\000g}{section.1}% 3
\BOOKMARK [2][-]{subsection.1.3}{\376\377\000E\000x\000i\000s\000t\000i\000n\000g\000\040\000E\000c\000o\000n\000o\000m\000i\000c\000\040\000E\000v\000i\000d\000e\000n\000c\000e}{section.1}% 4
\BOOKMARK [2][-]{subsection.1.4}{\376\377\000C\000l\000i\000n\000i\000c\000a\000l\000\040\000B\000a\000s\000i\000s\000\040\000a\000n\000d\000\040\000R\000e\000s\000e\000a\000r\000c\000h\000\040\000O\000b\000j\000e\000c\000t\000i\000v\000e\000s}{section.1}% 5
\BOOKMARK [1][-]{section.2}{\376\377\000M\000e\000t\000h\000o\000d\000s}{}% 6
\BOOKMARK [2][-]{subsection.2.1}{\376\377\000M\000o\000d\000e\000l\000\040\000S\000t\000r\000u\000c\000t\000u\000r\000e}{section.2}% 7
\BOOKMARK [2][-]{subsection.2.2}{\376\377\000C\000l\000i\000n\000i\000c\000a\000l\000\040\000D\000a\000t\000a}{section.2}% 8
\BOOKMARK [2][-]{subsection.2.3}{\376\377\000E\000x\000t\000e\000r\000n\000a\000l\000\040\000V\000a\000l\000i\000d\000a\000t\000i\000o\000n}{section.2}% 9
\BOOKMARK [2][-]{subsection.2.4}{\376\377\000C\000o\000s\000t\000s}{section.2}% 10
\BOOKMARK [2][-]{subsection.2.5}{\376\377\000U\000t\000i\000l\000i\000t\000i\000e\000s}{section.2}% 11
\BOOKMARK [2][-]{subsection.2.6}{\376\377\000B\000a\000s\000e\000\040\000C\000a\000s\000e\000\040\000A\000n\000a\000l\000y\000s\000i\000s}{section.2}% 12
\BOOKMARK [2][-]{subsection.2.7}{\376\377\000S\000e\000n\000s\000i\000t\000i\000v\000i\000t\000y\000\040\000A\000n\000a\000l\000y\000s\000i\000s}{section.2}% 13
\BOOKMARK [1][-]{section.3}{\376\377\000R\000e\000s\000u\000l\000t\000s}{}% 14
\BOOKMARK [2][-]{subsection.3.1}{\376\377\000B\000a\000s\000e\000-\000C\000a\000s\000e\000\040\000C\000l\000i\000n\000i\000c\000a\000l\000\040\000a\000n\000d\000\040\000E\000c\000o\000n\000o\000m\000i\000c\000\040\000O\000u\000t\000c\000o\000m\000e\000s}{section.3}% 15
\BOOKMARK [2][-]{subsection.3.2}{\376\377\000C\000o\000s\000t\000\040\000a\000n\000d\000\040\000Q\000A\000L\000Y\000\040\000D\000e\000c\000o\000m\000p\000o\000s\000i\000t\000i\000o\000n}{section.3}% 16
\BOOKMARK [2][-]{subsection.3.3}{\376\377\000E\000x\000t\000e\000r\000n\000a\000l\000\040\000a\000n\000d\000\040\000S\000t\000r\000u\000c\000t\000u\000r\000a\000l\000\040\000V\000a\000l\000i\000d\000a\000t\000i\000o\000n}{section.3}% 17
\BOOKMARK [2][-]{subsection.3.4}{\376\377\000P\000r\000o\000b\000a\000b\000i\000l\000i\000s\000t\000i\000c\000\040\000a\000n\000d\000\040\000D\000e\000t\000e\000r\000m\000i\000n\000i\000s\000t\000i\000c\000\040\000U\000n\000c\000e\000r\000t\000a\000i\000n\000t\000y}{section.3}% 18
\BOOKMARK [2][-]{subsection.3.5}{\376\377\000S\000t\000r\000u\000c\000t\000u\000r\000a\000l\000\040\000S\000c\000e\000n\000a\000r\000i\000o\000\040\000A\000n\000a\000l\000y\000s\000e\000s}{section.3}% 19
\BOOKMARK [2][-]{subsection.3.6}{\376\377\000D\000e\000t\000e\000r\000m\000i\000n\000i\000s\000t\000i\000c\000\040\000T\000h\000r\000e\000s\000h\000o\000l\000d\000\040\000P\000r\000i\000c\000e}{section.3}% 20
\BOOKMARK [1][-]{section.4}{\376\377\000D\000i\000s\000c\000u\000s\000s\000i\000o\000n}{}% 21
\BOOKMARK [2][-]{subsection.4.1}{\376\377\000P\000r\000i\000n\000c\000i\000p\000a\000l\000\040\000F\000i\000n\000d\000i\000n\000g\000s}{section.4}% 22
\BOOKMARK [2][-]{subsection.4.2}{\376\377\000E\000c\000o\000n\000o\000m\000i\000c\000\040\000D\000r\000i\000v\000e\000r\000s\000\040\000a\000n\000d\000\040\000C\000o\000s\000t\000\040\000O\000f\000f\000s\000e\000t\000s}{section.4}% 23
\BOOKMARK [2][-]{subsection.4.3}{\376\377\000P\000r\000i\000c\000i\000n\000g\000\040\000a\000n\000d\000\040\000R\000e\000i\000m\000b\000u\000r\000s\000e\000m\000e\000n\000t\000\040\000I\000m\000p\000l\000i\000c\000a\000t\000i\000o\000n\000s}{section.4}% 24
\BOOKMARK [2][-]{subsection.4.4}{\376\377\000L\000o\000n\000g\000-\000T\000e\000r\000m\000\040\000S\000u\000r\000v\000i\000v\000a\000l\000\040\000a\000n\000d\000\040\000S\000t\000r\000u\000c\000t\000u\000r\000a\000l\000\040\000U\000n\000c\000e\000r\000t\000a\000i\000n\000t\000y}{section.4}% 25
\BOOKMARK [2][-]{subsection.4.5}{\376\377\000C\000o\000m\000p\000a\000r\000i\000s\000o\000n\000\040\000w\000i\000t\000h\000\040\000P\000r\000e\000v\000i\000o\000u\000s\000\040\000E\000c\000o\000n\000o\000m\000i\000c\000\040\000E\000v\000a\000l\000u\000a\000t\000i\000o\000n\000s}{section.4}% 26
\BOOKMARK [2][-]{subsection.4.6}{\376\377\000C\000l\000i\000n\000i\000c\000a\000l\000\040\000a\000n\000d\000\040\000E\000x\000t\000e\000r\000n\000a\000l\000\040\000V\000a\000l\000i\000d\000i\000t\000y}{section.4}% 27
\BOOKMARK [2][-]{subsection.4.7}{\376\377\000L\000i\000m\000i\000t\000a\000t\000i\000o\000n\000s}{section.4}% 28
\BOOKMARK [2][-]{subsection.4.8}{\376\377\000C\000o\000n\000c\000l\000u\000s\000i\000o\000n}{section.4}% 29
